com\tourguide\dao\trial\visit\SiteVisitTypeDaoImpl.class
com\tourguide\model\Trial.class
com\tourguide\service\patient\PatientServiceImpl.class
com\tourguide\dao\trial\visit\TrialVisitDefDao.class
com\tourguide\dao\trial\visit\VisitTreatmentDaoImpl.class
com\tourguide\config\HibernateConfig.class
com\tourguide\service\user\UserServiceImpl.class
com\tourguide\service\trial\visit\TrialTimeUnitServiceImpl.class
com\tourguide\model\VisitType.class
com\tourguide\dao\trial\visit\SiteVisitTypeDao.class
com\tourguide\dao\user\UserDaoImpl.class
com\tourguide\service\trial\visit\TrialVisitDefServiceImpl.class
com\tourguide\dao\trial\TrialDao.class
com\tourguide\controller\TrialController.class
com\tourguide\dao\trial\visit\TrialVisitDefDaoImpl.class
com\tourguide\dao\trial\visit\VisitTypeDaoImpl.class
com\tourguide\config\WebTourGuideConfig.class
com\tourguide\dao\trial\visit\VisitTreatmentDao.class
com\tourguide\dao\trial\visit\TrialTimeUnitDaoImpl.class
com\tourguide\dao\user\UserDao.class
com\tourguide\model\VisitTreatment.class
com\tourguide\controller\UserController.class
com\tourguide\service\trial\visit\VisitTypeService.class
com\tourguide\service\trial\visit\SiteVisitTypeServiceImpl.class
com\tourguide\service\trial\visit\TrialVisitDefService.class
com\tourguide\controller\DashboardController.class
com\tourguide\service\trial\TrialServiceImpl.class
com\tourguide\model\User.class
com\tourguide\dao\AbstractDao.class
com\tourguide\model\SiteVisitType.class
com\tourguide\service\trial\visit\VisitTreatmentService.class
com\tourguide\service\trial\visit\VisitTypeServiceImpl.class
com\tourguide\service\trial\visit\VisitTreatmentServiceImpl.class
com\tourguide\model\TrialVisitDef.class
com\tourguide\service\user\UserService.class
com\tourguide\controller\PatientController.class
com\tourguide\service\trial\visit\TrialTimeUnitService.class
com\tourguide\dao\trial\visit\TrialTimeUnitDao.class
com\tourguide\dao\patient\PatientDao.class
com\tourguide\dao\trial\TrialDaoImpl.class
com\tourguide\dao\trial\visit\VisitTypeDao.class
com\tourguide\model\Patient.class
com\tourguide\config\AppInitializer.class
com\tourguide\dao\patient\PatientDaoImpl.class
com\tourguide\model\TrialTimeUnit.class
com\tourguide\service\patient\PatientService.class
com\tourguide\service\trial\TrialService.class
com\tourguide\service\trial\visit\SiteVisitTypeService.class
