C:\Yan\TourGuide\tour-guide\src\main\java\com\tourguide\dao\patient\PatientDaoImpl.java
C:\Yan\TourGuide\tour-guide\src\main\java\com\tourguide\dao\trial\visit\TrialTimeUnitDaoImpl.java
C:\Yan\TourGuide\tour-guide\src\main\java\com\tourguide\dao\trial\visit\VisitTreatmentDao.java
C:\Yan\TourGuide\tour-guide\src\main\java\com\tourguide\dao\trial\visit\VisitTreatmentDaoImpl.java
C:\Yan\TourGuide\tour-guide\src\main\java\com\tourguide\dao\trial\visit\SiteVisitTypeDao.java
C:\Yan\TourGuide\tour-guide\src\main\java\com\tourguide\service\trial\visit\VisitTypeServiceImpl.java
C:\Yan\TourGuide\tour-guide\src\main\java\com\tourguide\service\trial\visit\SiteVisitTypeServiceImpl.java
C:\Yan\TourGuide\tour-guide\src\main\java\com\tourguide\service\trial\visit\TrialVisitDefService.java
C:\Yan\TourGuide\tour-guide\src\main\java\com\tourguide\controller\UserController.java
C:\Yan\TourGuide\tour-guide\src\main\java\com\tourguide\dao\trial\TrialDao.java
C:\Yan\TourGuide\tour-guide\src\main\java\com\tourguide\dao\user\UserDao.java
C:\Yan\TourGuide\tour-guide\src\main\java\com\tourguide\model\TrialTimeUnit.java
C:\Yan\TourGuide\tour-guide\src\main\java\com\tourguide\service\trial\visit\TrialVisitDefServiceImpl.java
C:\Yan\TourGuide\tour-guide\src\main\java\com\tourguide\model\Trial.java
C:\Yan\TourGuide\tour-guide\src\main\java\com\tourguide\model\User.java
C:\Yan\TourGuide\tour-guide\src\main\java\com\tourguide\controller\DashboardController.java
C:\Yan\TourGuide\tour-guide\src\main\java\com\tourguide\dao\trial\visit\TrialVisitDefDaoImpl.java
C:\Yan\TourGuide\tour-guide\src\main\java\com\tourguide\model\TrialVisitDef.java
C:\Yan\TourGuide\tour-guide\src\main\java\com\tourguide\dao\AbstractDao.java
C:\Yan\TourGuide\tour-guide\src\main\java\com\tourguide\controller\PatientController.java
C:\Yan\TourGuide\tour-guide\src\main\java\com\tourguide\dao\trial\visit\TrialTimeUnitDao.java
C:\Yan\TourGuide\tour-guide\src\main\java\com\tourguide\service\trial\TrialService.java
C:\Yan\TourGuide\tour-guide\src\main\java\com\tourguide\model\Patient.java
C:\Yan\TourGuide\tour-guide\src\main\java\com\tourguide\service\user\UserService.java
C:\Yan\TourGuide\tour-guide\src\main\java\com\tourguide\config\WebTourGuideConfig.java
C:\Yan\TourGuide\tour-guide\src\main\java\com\tourguide\service\user\UserServiceImpl.java
C:\Yan\TourGuide\tour-guide\src\main\java\com\tourguide\dao\trial\visit\SiteVisitTypeDaoImpl.java
C:\Yan\TourGuide\tour-guide\src\main\java\com\tourguide\model\VisitType.java
C:\Yan\TourGuide\tour-guide\src\main\java\com\tourguide\service\patient\PatientService.java
C:\Yan\TourGuide\tour-guide\src\main\java\com\tourguide\service\trial\visit\TrialTimeUnitServiceImpl.java
C:\Yan\TourGuide\tour-guide\src\main\java\com\tourguide\dao\trial\visit\VisitTypeDaoImpl.java
C:\Yan\TourGuide\tour-guide\src\main\java\com\tourguide\model\SiteVisitType.java
C:\Yan\TourGuide\tour-guide\src\main\java\com\tourguide\config\AppInitializer.java
C:\Yan\TourGuide\tour-guide\src\main\java\com\tourguide\config\HibernateConfig.java
C:\Yan\TourGuide\tour-guide\src\main\java\com\tourguide\model\VisitTreatment.java
C:\Yan\TourGuide\tour-guide\src\main\java\com\tourguide\service\trial\visit\TrialTimeUnitService.java
C:\Yan\TourGuide\tour-guide\src\main\java\com\tourguide\dao\trial\TrialDaoImpl.java
C:\Yan\TourGuide\tour-guide\src\main\java\com\tourguide\service\trial\visit\VisitTypeService.java
C:\Yan\TourGuide\tour-guide\src\main\java\com\tourguide\service\trial\TrialServiceImpl.java
C:\Yan\TourGuide\tour-guide\src\main\java\com\tourguide\service\patient\PatientServiceImpl.java
C:\Yan\TourGuide\tour-guide\src\main\java\com\tourguide\service\trial\visit\SiteVisitTypeService.java
C:\Yan\TourGuide\tour-guide\src\main\java\com\tourguide\service\trial\visit\VisitTreatmentService.java
C:\Yan\TourGuide\tour-guide\src\main\java\com\tourguide\controller\TrialController.java
C:\Yan\TourGuide\tour-guide\src\main\java\com\tourguide\service\trial\visit\VisitTreatmentServiceImpl.java
C:\Yan\TourGuide\tour-guide\src\main\java\com\tourguide\dao\patient\PatientDao.java
C:\Yan\TourGuide\tour-guide\src\main\java\com\tourguide\dao\trial\visit\TrialVisitDefDao.java
C:\Yan\TourGuide\tour-guide\src\main\java\com\tourguide\dao\user\UserDaoImpl.java
C:\Yan\TourGuide\tour-guide\src\main\java\com\tourguide\dao\trial\visit\VisitTypeDao.java
